[2026-08-26 17:09:47] Executando backup...
[0;32m[INFO][0m Backup do repositório: minimizar_html
[0;34m[INFO][0m Detectando branch principal
fatal: ambiguous argument 'HEAD': unknown revision or path not in the working tree.
Use '--' to separate paths from revisions, like this:
'git <command> [<revision>...] -- [<file>...]'
[0;34m[INFO][0m Branch atual: HEAD
[0;34m[INFO][0m Git pull
There is no tracking information for the current branch.
Please specify which branch you want to merge with.
See git-pull(1) for details.

    git pull <remote> <branch>

If you wish to set tracking information for this branch you can do so with:

    git branch --set-upstream-to=origin/<branch> master

[0;34m[INFO][0m Verificando arquivos grandes (≥100MB)...
[0;32m✅ Nenhum arquivo grande encontrado[0m
[0;34m[INFO][0m Git add .
[0;34m[INFO][0m Verificando limites adicionais...
(standard_in) 1: syntax error
(standard_in) 1: syntax error
[0;34m[INFO][0m Git commit
[master (root-commit) d0b3410] backup automatico - 2026-08-26 17:09:49
 2 files changed, 22 insertions(+)
 create mode 100644 backup_git_5m.control
 create mode 100644 backup_git_5m.log
[0;34m[INFO][0m Git push
To https://github.com/andresilvacosta1992/minimizar_html.git
 * [new branch]      master -> master
branch 'master' set up to track 'origin/master'.
[0;32m[SUCCESS][0m Backup concluído!
[2026-08-26 17:09:56] Backup concluído com sucesso
Aguardando 5 minutos...

[2026-08-26 17:14:56] Executando backup...
[0;32m[INFO][0m Backup do repositório: minimizar_html
[0;34m[INFO][0m Detectando branch principal
[0;34m[INFO][0m Branch atual: master
[0;34m[INFO][0m Git pull
Already up to date.
[0;34m[INFO][0m Verificando arquivos grandes (≥100MB)...
[0;32m✅ Nenhum arquivo grande encontrado[0m
[0;34m[INFO][0m Git add .
